--------- beginning of main
08-04 00:13:55.402 19654 19654 I Detox   : UIManagerModule is busy
08-04 00:13:55.424 19654 19654 E unknown:FabricViewStateManager: setState called without a StateWrapper
08-04 00:13:55.444 19654 19717 D SoLoader: About to load: libimagepipeline.so
08-04 00:13:55.447 19654 19717 D SoLoader: libimagepipeline.so not found on /data/user/0/com.rndetox/lib-main
08-04 00:13:55.447 19654 19717 D SoLoader: libimagepipeline.so found on /data/app/~~DG8AwIDoldg7uOnFzmPfMA==/com.rndetox-qMi9u_p0B2SwXZw1cmoHGw==/lib/x86
08-04 00:13:55.447 19654 19717 D SoLoader: Not resolving dependencies for libimagepipeline.so
08-04 00:13:55.451 19654 19717 D SoLoader: Loaded: libimagepipeline.so
08-04 00:13:55.513 19654 19654 D IdlingResourceRegistry: All idling resources are idle.
08-04 00:13:55.514 19654 19654 I Detox   : Wait is over: app is now idle!
08-04 00:13:55.531 19654 19698 I DetoxWSClient: Sending out action 'ready' (ID #-1000)
08-04 00:13:55.534 19654 19698 I DetoxDispatcher: Done with action 'isReady'
08-04 00:13:55.534 19654 19698 I DetoxDispatcher: Handling action 'loginSuccess' (ID #0)...
08-04 00:13:55.535 19654 19698 I DetoxDispatcher: Done with action 'loginSuccess'
08-04 00:13:55.535 19654 19698 I DetoxDispatcher: Handling action 'isReady' (ID #-1000)...
08-04 00:13:55.537 19654 19654 D IdlingResourceRegistry: All idling resources are idle.
08-04 00:13:55.539 19654 19654 D IdlingResourceRegistry: All idling resources are idle.
08-04 00:13:55.540 19654 19654 I Detox   : Wait is over: app is now idle!
08-04 00:13:55.541 19654 19698 I DetoxWSClient: Sending out action 'ready' (ID #-1000)
08-04 00:13:55.542 19654 19698 I DetoxDispatcher: Done with action 'isReady'
08-04 00:13:55.649 19654 19704 D DetoxWSClient: Received action 'reactNativeReload' (ID #-1000, params={})
08-04 00:13:55.650 19654 19698 I DetoxDispatcher: Handling action 'reactNativeReload' (ID #-1000)...
08-04 00:13:55.652 19654 19654 D IdlingResourceRegistry: All idling resources are idle.
08-04 00:13:55.653 19654 19654 D IdlingResourceRegistry: All idling resources are idle.
08-04 00:13:55.653 19654 19698 I DetoxRNExt: Reloading React Native
08-04 00:13:55.686 19654 19726 W unknown:ViewManagerPropertyUpdater: Could not find generated setter for class com.facebook.react.views.picker.ReactDialogPickerManager
08-04 00:13:55.689 19654 19726 W unknown:ViewManagerPropertyUpdater: Could not find generated setter for class com.facebook.react.uimanager.LayoutShadowNode
08-04 00:13:55.692 19654 19726 W unknown:ViewManagerPropertyUpdater: Could not find generated setter for class com.facebook.react.views.drawer.ReactDrawerLayoutManager
08-04 00:13:55.693 19654 19726 W unknown:ViewManagerPropertyUpdater: Could not find generated setter for class com.facebook.react.views.picker.ReactDropdownPickerManager
08-04 00:13:55.694 19654 19726 W unknown:ViewManagerPropertyUpdater: Could not find generated setter for class com.facebook.react.views.scroll.ReactHorizontalScrollViewManager
08-04 00:13:55.696 19654 19726 W unknown:ViewManagerPropertyUpdater: Could not find generated setter for class com.facebook.react.views.scroll.ReactHorizontalScrollContainerViewManager
08-04 00:13:55.697 19654 19726 W unknown:ViewManagerPropertyUpdater: Could not find generated setter for class com.facebook.react.views.progressbar.ReactProgressBarViewManager
08-04 00:13:55.698 19654 19726 W unknown:ViewManagerPropertyUpdater: Could not find generated setter for class com.facebook.react.views.progressbar.ProgressBarShadowNode
08-04 00:13:55.698 19654 19726 W unknown:ViewManagerPropertyUpdater: Could not find generated setter for class com.facebook.react.views.scroll.ReactScrollViewManager
08-04 00:13:55.700 19654 19726 W unknown:ViewManagerPropertyUpdater: Could not find generated setter for class com.facebook.react.views.slider.ReactSliderManager
08-04 00:13:55.701 19654 19726 W unknown:ViewManagerPropertyUpdater: Could not find generated setter for class com.facebook.react.views.slider.ReactSliderManager$ReactSliderShadowNode
08-04 00:13:55.702 19654 19726 W unknown:ViewManagerPropertyUpdater: Could not find generated setter for class com.facebook.react.views.switchview.ReactSwitchManager
08-04 00:13:55.704 19654 19726 W unknown:ViewManagerPropertyUpdater: Could not find generated setter for class com.facebook.react.views.switchview.ReactSwitchManager$ReactSwitchShadowNode
08-04 00:13:55.705 19654 19726 W unknown:ViewManagerPropertyUpdater: Could not find generated setter for class com.facebook.react.views.swiperefresh.SwipeRefreshLayoutManager
08-04 00:13:55.706 19654 19726 W unknown:ViewManagerPropertyUpdater: Could not find generated setter for class com.facebook.react.views.text.frescosupport.FrescoBasedReactTextInlineImageViewManager
08-04 00:13:55.706 19654 19726 W unknown:ViewManagerPropertyUpdater: Could not find generated setter for class com.facebook.react.views.text.frescosupport.FrescoBasedReactTextInlineImageShadowNode
08-04 00:13:55.707 19654 19726 W unknown:ViewManagerPropertyUpdater: Could not find generated setter for class com.facebook.react.views.image.ReactImageManager
08-04 00:13:55.709 19654 19726 W unknown:ViewManagerPropertyUpdater: Could not find generated setter for class com.facebook.react.views.modal.ReactModalHostManager
08-04 00:13:55.709 19654 19726 W unknown:ViewManagerPropertyUpdater: Could not find generated setter for class com.facebook.react.views.modal.ModalHostShadowNode
08-04 00:13:55.710 19654 19726 W unknown:ViewManagerPropertyUpdater: Could not find generated setter for class com.facebook.react.views.text.ReactRawTextManager
08-04 00:13:55.710 19654 19726 W unknown:ViewManagerPropertyUpdater: Could not find generated setter for class com.facebook.react.views.text.ReactRawTextShadowNode
08-04 00:13:55.710 19654 19726 W unknown:ViewManagerPropertyUpdater: Could not find generated setter for class com.facebook.react.views.textinput.ReactTextInputManager
08-04 00:13:55.715 19654 19726 W unknown:ViewManagerPropertyUpdater: Could not find generated setter for class com.facebook.react.views.textinput.ReactTextInputShadowNode
08-04 00:13:55.717 19654 19726 W unknown:ViewManagerPropertyUpdater: Could not find generated setter for class com.facebook.react.views.text.ReactTextViewManager
08-04 00:13:55.719 19654 19726 W unknown:ViewManagerPropertyUpdater: Could not find generated setter for class com.facebook.react.views.text.ReactTextShadowNode
08-04 00:13:55.720 19654 19726 W unknown:ViewManagerPropertyUpdater: Could not find generated setter for class com.facebook.react.views.view.ReactViewManager
08-04 00:13:55.722 19654 19726 W unknown:ViewManagerPropertyUpdater: Could not find generated setter for class com.facebook.react.views.text.ReactVirtualTextViewManager
08-04 00:13:55.723 19654 19726 W unknown:ViewManagerPropertyUpdater: Could not find generated setter for class com.facebook.react.views.text.ReactVirtualTextShadowNode
08-04 00:13:55.724 19654 19726 W unknown:ViewManagerPropertyUpdater: Could not find generated setter for class com.facebook.react.views.unimplementedview.ReactUnimplementedViewManager
08-04 00:13:55.725 19654 19654 I DetoxRNLoading: Got new RN-context async'ly through listener
08-04 00:13:55.726 19654 19698 I DetoxRNIdleRes: Setting up Espresso Idling Resources for React Native
08-04 00:13:55.728 19654 19698 D AsyncStorageIR: Checking whether a custom IR for Async-Storage is required... (legacy=false)
08-04 00:13:55.729 19654 19698 D DetoxRNHelpers: Native RN module resolution (class com.reactnativecommunity.asyncstorage.AsyncStorageModule): no such class
08-04 00:13:55.729 19654 19698 D AsyncStorageIR: Checking whether a custom IR for Async-Storage is required... (legacy=true)
08-04 00:13:55.729 19654 19698 D AsyncStorageIR: IR for Async-Storage is required! (legacy=true)
08-04 00:13:55.730 19654 19654 I Detox   : UIManagerModule is busy
08-04 00:13:55.730 19654 19654 D AsyncStorageIRLegacy: Async-storage is busy!
08-04 00:13:55.730 19654 19698 I DetoxWSClient: Sending out action 'ready' (ID #-1000)
08-04 00:13:55.730 19654 19698 I DetoxDispatcher: Done with action 'reactNativeReload'
08-04 00:13:55.738 19654 19704 D DetoxWSClient: Received action 'invoke' (ID #1, params={"target":{"type":"Class","value":"com.wix.detox.espresso.DetoxAssertion"},"method":"assertMatcher","args":[{"type":"Invocation","value":{"target":{"type":"Class","value":"androidx.test.espresso.Espresso"},"method":"onView","args":[{"type":"Invocation","value":{"target":{"type":"Class","value":"com.wix.detox.espresso.DetoxMatcher"},"method":"matcherForTestId","args":["desc-text"]}}]}},{"type":"Invocation","value":{"target":{"type":"Class","value":"com.wix.detox.espresso.DetoxMatcher"},"method":"matcherForSufficientlyVisible","args":[]}}]})
08-04 00:13:55.738 19654 19698 I DetoxDispatcher: Handling action 'invoke' (ID #1)...
08-04 00:13:55.755 19654 19698 D Detox   : class com.wix.detox.espresso.DetoxMatcher, matcherForTestId, [desc-text]
08-04 00:13:55.763 19654 19725 I ReactNativeJS: Running "rnDetox" with {"rootTag":11}
08-04 00:13:55.783 19654 19698 D Detox   : class androidx.test.espresso.Espresso, onView, [(with tag value: is "desc-text" and view has effective visibility=VISIBLE)]
08-04 00:13:55.785 19654 19698 D Detox   : class com.wix.detox.espresso.DetoxMatcher, matcherForSufficientlyVisible, []
08-04 00:13:55.786 19654 19698 D Detox   : class com.wix.detox.espresso.DetoxAssertion, assertMatcher, [androidx.test.espresso.ViewInteraction@41835c2, at least 75 percent of the view's area is displayed to the user.]
08-04 00:13:56.244 19654 19654 E unknown:FabricViewStateManager: setState called without a StateWrapper
08-04 00:13:56.265 19654 19654 D IdlingResourceRegistry: All idling resources are idle.
08-04 00:13:56.356 19654 19654 I ViewInteraction: Checking 'MatchesViewAssertion(Detox){viewMatcher=at least 75 percent of the view's area is displayed to the user.}' assertion on view (with tag value: is "desc-text" and view has effective visibility=VISIBLE)
08-04 00:13:56.358 19654 19698 I DetoxActionHandlers: Test exception
08-04 00:13:56.358 19654 19698 I DetoxActionHandlers: java.lang.reflect.InvocationTargetException
08-04 00:13:56.358 19654 19698 I DetoxActionHandlers: 	at java.lang.reflect.Method.invoke(Native Method)
08-04 00:13:56.358 19654 19698 I DetoxActionHandlers: 	at org.apache.commons.lang3.reflect.MethodUtils.invokeStaticMethod(MethodUtils.java:443)
08-04 00:13:56.358 19654 19698 I DetoxActionHandlers: 	at org.apache.commons.lang3.reflect.MethodUtils.invokeStaticMethod(MethodUtils.java:405)
08-04 00:13:56.358 19654 19698 I DetoxActionHandlers: 	at com.wix.invoke.types.ClassTarget.execute(ClassTarget.java:23)
08-04 00:13:56.358 19654 19698 I DetoxActionHandlers: 	at com.wix.invoke.types.Target.invoke(Target.java:59)
08-04 00:13:56.358 19654 19698 I DetoxActionHandlers: 	at com.wix.invoke.MethodInvocation.invoke(MethodInvocation.java:35)
08-04 00:13:56.358 19654 19698 I DetoxActionHandlers: 	at com.wix.invoke.MethodInvocation.invoke(MethodInvocation.java:26)
08-04 00:13:56.358 19654 19698 I DetoxActionHandlers: 	at com.wix.invoke.MethodInvocation.invoke(MethodInvocation.java:20)
08-04 00:13:56.358 19654 19698 I DetoxActionHandlers: 	at com.wix.detox.adapters.server.InvokeActionHandler.handle(DetoxActionHandlers.kt:56)
08-04 00:13:56.358 19654 19698 I DetoxActionHandlers: 	at com.wix.detox.adapters.server.ActionsExecutor$executeAction$$inlined$let$lambda$1.run(DetoxActionsDispatcher.kt:64)
08-04 00:13:56.358 19654 19698 I DetoxActionHandlers: 	at android.os.Handler.handleCallback(Handler.java:907)
08-04 00:13:56.358 19654 19698 I DetoxActionHandlers: 	at android.os.Handler.dispatchMessage(Handler.java:99)
08-04 00:13:56.358 19654 19698 I DetoxActionHandlers: 	at android.os.Looper.loop(Looper.java:223)
08-04 00:13:56.358 19654 19698 I DetoxActionHandlers: 	at com.wix.detox.adapters.server.ActionsExecutor$1.run(DetoxActionsDispatcher.kt:50)
08-04 00:13:56.358 19654 19698 I DetoxActionHandlers: 	at java.lang.Thread.run(Thread.java:923)
08-04 00:13:56.358 19654 19698 I DetoxActionHandlers: Caused by: androidx.test.espresso.base.DefaultFailureHandler$AssertionFailedWithCauseError: 'at least 75 percent of the view's area is displayed to the user.' doesn't match the selected view.
08-04 00:13:56.358 19654 19698 I DetoxActionHandlers: Expected: at least 75 percent of the view's area is displayed to the user.
08-04 00:13:56.358 19654 19698 I DetoxActionHandlers:      Got: null
08-04 00:13:56.358 19654 19698 I DetoxActionHandlers: 
08-04 00:13:56.358 19654 19698 I DetoxActionHandlers: 	at dalvik.system.VMStack.getThreadStackTrace(Native Method)
08-04 00:13:56.358 19654 19698 I DetoxActionHandlers: 	at java.lang.Thread.getStackTrace(Thread.java:1736)
08-04 00:13:56.358 19654 19698 I DetoxActionHandlers: 	at androidx.test.espresso.base.DefaultFailureHandler.getUserFriendlyError(DefaultFailureHandler.java:16)
08-04 00:13:56.358 19654 19698 I DetoxActionHandlers: 	at androidx.test.espresso.base.DefaultFailureHandler.handle(DefaultFailureHandler.java:36)
08-04 00:13:56.358 19654 19698 I DetoxActionHandlers: 	at androidx.test.espresso.ViewInteraction.waitForAndHandleInteractionResults(ViewInteraction.java:103)
08-04 00:13:56.358 19654 19698 I DetoxActionHandlers: 	at androidx.test.espresso.ViewInteraction.check(ViewInteraction.java:31)
08-04 00:13:56.358 19654 19698 I DetoxActionHandlers: 	at com.wix.detox.espresso.DetoxAssertion.assertMatcher(DetoxAssertion.java:32)
08-04 00:13:56.358 19654 19698 I DetoxActionHandlers: 	... 15 more
08-04 00:13:56.358 19654 19698 I DetoxActionHandlers: Caused by: junit.framework.AssertionFailedError: 'at least 75 percent of the view's area is displayed to the user.' doesn't match the selected view.
08-04 00:13:56.358 19654 19698 I DetoxActionHandlers: Expected: at least 75 percent of the view's area is displayed to the user.
08-04 00:13:56.358 19654 19698 I DetoxActionHandlers:      Got: null
08-04 00:13:56.358 19654 19698 I DetoxActionHandlers: 
08-04 00:13:56.358 19654 19698 I DetoxActionHandlers: 	at androidx.test.espresso.matcher.ViewMatchers.assertThat(ViewMatchers.java:17)
08-04 00:13:56.358 19654 19698 I DetoxActionHandlers: 	at com.wix.detox.espresso.assertion.ViewAssertions$MatchesViewAssertion.check(ViewAssertions.java:52)
08-04 00:13:56.358 19654 19698 I DetoxActionHandlers: 	at androidx.test.espresso.ViewInteraction$SingleExecutionViewAssertion.check(ViewInteraction.java:10)
08-04 00:13:56.358 19654 19698 I DetoxActionHandlers: 	at androidx.test.espresso.ViewInteraction$2.call(ViewInteraction.java:11)
08-04 00:13:56.358 19654 19698 I DetoxActionHandlers: 	at androidx.test.espresso.ViewInteraction$2.call(ViewInteraction.java:2)
08-04 00:13:56.358 19654 19698 I DetoxActionHandlers: 	at java.util.concurrent.FutureTask.run(FutureTask.java:266)
08-04 00:13:56.358 19654 19698 I DetoxActionHandlers: 	at android.os.Handler.handleCallback(Handler.java:907)
08-04 00:13:56.358 19654 19698 I DetoxActionHandlers: 	at android.os.Handler.dispatchMessage(Handler.java:99)
08-04 00:13:56.358 19654 19698 I DetoxActionHandlers: 	at android.os.Looper.loop(Looper.java:223)
08-04 00:13:56.358 19654 19698 I DetoxActionHandlers: 	at android.app.ActivityThread.main(ActivityThread.java:7478)
08-04 00:13:56.358 19654 19698 I DetoxActionHandlers: 	at java.lang.reflect.Method.invoke(Native Method)
08-04 00:13:56.358 19654 19698 I DetoxActionHandlers: 	at com.android.internal.os.RuntimeInit$MethodAndArgsCaller.run(RuntimeInit.java:549)
08-04 00:13:56.358 19654 19698 I DetoxActionHandlers: 	at com.android.internal.os.ZygoteInit.main(ZygoteInit.java:941)
08-04 00:13:56.382 19654 19698 I DetoxWSClient: Sending out action 'testFailed' (ID #1)
08-04 00:13:56.383 19654 19698 I DetoxDispatcher: Done with action 'invoke'
