--------- beginning of main
08-04 00:20:25.025 21165 21210 I DetoxDispatcher: Handling action '_init' (ID #0)...
08-04 00:20:25.025 21165 21210 I Detox   : Connecting to server...
08-04 00:20:25.025 21165 21210 I DetoxWSClient: At connectToServer
08-04 00:20:25.061 21165 21165 D DetoxRNLoading: Got new RN-context directly and immediately
08-04 00:20:25.077 21165 21210 I DetoxRNIdleRes: Setting up Espresso Idling Resources for React Native
08-04 00:20:25.102 21165 21212 D DetoxWSClient: At onOpen
08-04 00:20:25.102 21165 21212 I DetoxWSClient: Sending out action 'login' (ID #0)
08-04 00:20:25.103 21165 21212 I Detox   : Connected to server!
08-04 00:20:25.114 21165 21210 D AsyncStorageIR: Checking whether a custom IR for Async-Storage is required... (legacy=false)
08-04 00:20:25.115 21165 21210 D DetoxRNHelpers: Native RN module resolution (class com.reactnativecommunity.asyncstorage.AsyncStorageModule): no such class
08-04 00:20:25.115 21165 21210 D AsyncStorageIR: Checking whether a custom IR for Async-Storage is required... (legacy=true)
08-04 00:20:25.115 21165 21212 D DetoxWSClient: Received action 'loginSuccess' (ID #0, params={"testerConnected":true,"appConnected":true})
08-04 00:20:25.115 21165 21210 D AsyncStorageIR: IR for Async-Storage is required! (legacy=true)
08-04 00:20:25.117 21165 21212 D DetoxWSClient: Received action 'isReady' (ID #-1000, params={})
08-04 00:20:25.121 21165 21165 D AsyncStorageIRLegacy: Async-storage is busy!
08-04 00:20:25.126 21165 21210 I DetoxDispatcher: Done with action '_init'
08-04 00:20:25.126 21165 21210 I DetoxDispatcher: Handling action 'isReady' (ID #-1000)...
08-04 00:20:25.431 21165 21165 I Detox   : UIManagerModule is busy
08-04 00:20:25.450 21165 21221 D SoLoader: About to load: libimagepipeline.so
08-04 00:20:25.451 21165 21221 D SoLoader: libimagepipeline.so not found on /data/user/0/com.rndetox/lib-main
08-04 00:20:25.451 21165 21221 D SoLoader: libimagepipeline.so found on /data/app/~~uWSNbwK7jEC5wV5Hz0voSg==/com.rndetox-HK25Z-XM1oo1iSV_ZzTRxw==/lib/x86
08-04 00:20:25.452 21165 21221 D SoLoader: Not resolving dependencies for libimagepipeline.so
08-04 00:20:25.456 21165 21221 D SoLoader: Loaded: libimagepipeline.so
08-04 00:20:25.456 21165 21165 E unknown:FabricViewStateManager: setState called without a StateWrapper
08-04 00:20:25.533 21165 21165 D IdlingResourceRegistry: All idling resources are idle.
08-04 00:20:25.533 21165 21165 I Detox   : Wait is over: app is now idle!
08-04 00:20:25.544 21165 21210 I DetoxWSClient: Sending out action 'ready' (ID #-1000)
08-04 00:20:25.546 21165 21210 I DetoxDispatcher: Done with action 'isReady'
08-04 00:20:25.546 21165 21210 I DetoxDispatcher: Handling action 'loginSuccess' (ID #0)...
08-04 00:20:25.546 21165 21210 I DetoxDispatcher: Done with action 'loginSuccess'
08-04 00:20:25.546 21165 21210 I DetoxDispatcher: Handling action 'isReady' (ID #-1000)...
08-04 00:20:25.549 21165 21165 D IdlingResourceRegistry: All idling resources are idle.
08-04 00:20:25.551 21165 21165 D IdlingResourceRegistry: All idling resources are idle.
08-04 00:20:25.552 21165 21165 I Detox   : Wait is over: app is now idle!
08-04 00:20:25.552 21165 21210 I DetoxWSClient: Sending out action 'ready' (ID #-1000)
08-04 00:20:25.553 21165 21210 I DetoxDispatcher: Done with action 'isReady'
08-04 00:20:25.618 21165 21212 D DetoxWSClient: Received action 'reactNativeReload' (ID #-1000, params={})
08-04 00:20:25.619 21165 21210 I DetoxDispatcher: Handling action 'reactNativeReload' (ID #-1000)...
08-04 00:20:25.626 21165 21165 D IdlingResourceRegistry: All idling resources are idle.
08-04 00:20:25.628 21165 21165 D IdlingResourceRegistry: All idling resources are idle.
08-04 00:20:25.628 21165 21210 I DetoxRNExt: Reloading React Native
08-04 00:20:25.670 21165 21231 W unknown:ViewManagerPropertyUpdater: Could not find generated setter for class com.facebook.react.views.picker.ReactDialogPickerManager
08-04 00:20:25.675 21165 21231 W unknown:ViewManagerPropertyUpdater: Could not find generated setter for class com.facebook.react.uimanager.LayoutShadowNode
08-04 00:20:25.676 21165 21231 W unknown:ViewManagerPropertyUpdater: Could not find generated setter for class com.facebook.react.views.drawer.ReactDrawerLayoutManager
08-04 00:20:25.677 21165 21231 W unknown:ViewManagerPropertyUpdater: Could not find generated setter for class com.facebook.react.views.picker.ReactDropdownPickerManager
08-04 00:20:25.678 21165 21231 W unknown:ViewManagerPropertyUpdater: Could not find generated setter for class com.facebook.react.views.scroll.ReactHorizontalScrollViewManager
08-04 00:20:25.679 21165 21231 W unknown:ViewManagerPropertyUpdater: Could not find generated setter for class com.facebook.react.views.scroll.ReactHorizontalScrollContainerViewManager
08-04 00:20:25.679 21165 21231 W unknown:ViewManagerPropertyUpdater: Could not find generated setter for class com.facebook.react.views.progressbar.ReactProgressBarViewManager
08-04 00:20:25.679 21165 21231 W unknown:ViewManagerPropertyUpdater: Could not find generated setter for class com.facebook.react.views.progressbar.ProgressBarShadowNode
08-04 00:20:25.679 21165 21231 W unknown:ViewManagerPropertyUpdater: Could not find generated setter for class com.facebook.react.views.scroll.ReactScrollViewManager
08-04 00:20:25.680 21165 21231 W unknown:ViewManagerPropertyUpdater: Could not find generated setter for class com.facebook.react.views.slider.ReactSliderManager
08-04 00:20:25.680 21165 21231 W unknown:ViewManagerPropertyUpdater: Could not find generated setter for class com.facebook.react.views.slider.ReactSliderManager$ReactSliderShadowNode
08-04 00:20:25.680 21165 21231 W unknown:ViewManagerPropertyUpdater: Could not find generated setter for class com.facebook.react.views.switchview.ReactSwitchManager
08-04 00:20:25.681 21165 21231 W unknown:ViewManagerPropertyUpdater: Could not find generated setter for class com.facebook.react.views.switchview.ReactSwitchManager$ReactSwitchShadowNode
08-04 00:20:25.681 21165 21231 W unknown:ViewManagerPropertyUpdater: Could not find generated setter for class com.facebook.react.views.swiperefresh.SwipeRefreshLayoutManager
08-04 00:20:25.681 21165 21231 W unknown:ViewManagerPropertyUpdater: Could not find generated setter for class com.facebook.react.views.text.frescosupport.FrescoBasedReactTextInlineImageViewManager
08-04 00:20:25.681 21165 21231 W unknown:ViewManagerPropertyUpdater: Could not find generated setter for class com.facebook.react.views.text.frescosupport.FrescoBasedReactTextInlineImageShadowNode
08-04 00:20:25.682 21165 21231 W unknown:ViewManagerPropertyUpdater: Could not find generated setter for class com.facebook.react.views.image.ReactImageManager
08-04 00:20:25.682 21165 21231 W unknown:ViewManagerPropertyUpdater: Could not find generated setter for class com.facebook.react.views.modal.ReactModalHostManager
08-04 00:20:25.682 21165 21231 W unknown:ViewManagerPropertyUpdater: Could not find generated setter for class com.facebook.react.views.modal.ModalHostShadowNode
08-04 00:20:25.682 21165 21231 W unknown:ViewManagerPropertyUpdater: Could not find generated setter for class com.facebook.react.views.text.ReactRawTextManager
08-04 00:20:25.682 21165 21231 W unknown:ViewManagerPropertyUpdater: Could not find generated setter for class com.facebook.react.views.text.ReactRawTextShadowNode
08-04 00:20:25.683 21165 21231 W unknown:ViewManagerPropertyUpdater: Could not find generated setter for class com.facebook.react.views.textinput.ReactTextInputManager
08-04 00:20:25.685 21165 21231 W unknown:ViewManagerPropertyUpdater: Could not find generated setter for class com.facebook.react.views.textinput.ReactTextInputShadowNode
08-04 00:20:25.686 21165 21231 W unknown:ViewManagerPropertyUpdater: Could not find generated setter for class com.facebook.react.views.text.ReactTextViewManager
08-04 00:20:25.687 21165 21231 W unknown:ViewManagerPropertyUpdater: Could not find generated setter for class com.facebook.react.views.text.ReactTextShadowNode
08-04 00:20:25.687 21165 21231 W unknown:ViewManagerPropertyUpdater: Could not find generated setter for class com.facebook.react.views.view.ReactViewManager
08-04 00:20:25.688 21165 21231 W unknown:ViewManagerPropertyUpdater: Could not find generated setter for class com.facebook.react.views.text.ReactVirtualTextViewManager
08-04 00:20:25.688 21165 21231 W unknown:ViewManagerPropertyUpdater: Could not find generated setter for class com.facebook.react.views.text.ReactVirtualTextShadowNode
08-04 00:20:25.689 21165 21231 W unknown:ViewManagerPropertyUpdater: Could not find generated setter for class com.facebook.react.views.unimplementedview.ReactUnimplementedViewManager
08-04 00:20:25.690 21165 21165 I DetoxRNLoading: Got new RN-context async'ly through listener
08-04 00:20:25.690 21165 21210 I DetoxRNIdleRes: Setting up Espresso Idling Resources for React Native
08-04 00:20:25.692 21165 21210 D AsyncStorageIR: Checking whether a custom IR for Async-Storage is required... (legacy=false)
08-04 00:20:25.693 21165 21210 D DetoxRNHelpers: Native RN module resolution (class com.reactnativecommunity.asyncstorage.AsyncStorageModule): no such class
08-04 00:20:25.693 21165 21210 D AsyncStorageIR: Checking whether a custom IR for Async-Storage is required... (legacy=true)
08-04 00:20:25.693 21165 21210 D AsyncStorageIR: IR for Async-Storage is required! (legacy=true)
08-04 00:20:25.693 21165 21165 I Detox   : UIManagerModule is busy
08-04 00:20:25.693 21165 21165 D AsyncStorageIRLegacy: Async-storage is busy!
08-04 00:20:25.694 21165 21210 I DetoxWSClient: Sending out action 'ready' (ID #-1000)
08-04 00:20:25.694 21165 21210 I DetoxDispatcher: Done with action 'reactNativeReload'
08-04 00:20:25.700 21165 21212 D DetoxWSClient: Received action 'invoke' (ID #1, params={"target":{"type":"Class","value":"com.wix.detox.espresso.DetoxAssertion"},"method":"assertMatcher","args":[{"type":"Invocation","value":{"target":{"type":"Class","value":"androidx.test.espresso.Espresso"},"method":"onView","args":[{"type":"Invocation","value":{"target":{"type":"Class","value":"com.wix.detox.espresso.DetoxMatcher"},"method":"matcherForTestId","args":["welcome"]}}]}},{"type":"Invocation","value":{"target":{"type":"Class","value":"com.wix.detox.espresso.DetoxMatcher"},"method":"matcherForNotNull","args":[]}}]})
08-04 00:20:25.701 21165 21210 I DetoxDispatcher: Handling action 'invoke' (ID #1)...
08-04 00:20:25.718 21165 21210 D Detox   : class com.wix.detox.espresso.DetoxMatcher, matcherForTestId, [welcome]
08-04 00:20:25.745 21165 21210 D Detox   : class androidx.test.espresso.Espresso, onView, [(with tag value: is "welcome" and view has effective visibility=VISIBLE)]
08-04 00:20:25.746 21165 21210 D Detox   : class com.wix.detox.espresso.DetoxMatcher, matcherForNotNull, []
08-04 00:20:25.748 21165 21210 D Detox   : class com.wix.detox.espresso.DetoxAssertion, assertMatcher, [androidx.test.espresso.ViewInteraction@41835c2, not null]
08-04 00:20:25.749 21165 21230 I ReactNativeJS: Running "rnDetox" with {"rootTag":11}
08-04 00:20:26.150 21165 21165 E unknown:FabricViewStateManager: setState called without a StateWrapper
08-04 00:20:26.165 21165 21165 D IdlingResourceRegistry: All idling resources are idle.
08-04 00:20:26.206 21165 21165 I ViewInteraction: Checking 'MatchesViewAssertion(Detox){viewMatcher=not null}' assertion on view (with tag value: is "welcome" and view has effective visibility=VISIBLE)
08-04 00:20:26.209 21165 21210 I DetoxActionHandlers: Test exception
08-04 00:20:26.209 21165 21210 I DetoxActionHandlers: java.lang.reflect.InvocationTargetException
08-04 00:20:26.209 21165 21210 I DetoxActionHandlers: 	at java.lang.reflect.Method.invoke(Native Method)
08-04 00:20:26.209 21165 21210 I DetoxActionHandlers: 	at org.apache.commons.lang3.reflect.MethodUtils.invokeStaticMethod(MethodUtils.java:443)
08-04 00:20:26.209 21165 21210 I DetoxActionHandlers: 	at org.apache.commons.lang3.reflect.MethodUtils.invokeStaticMethod(MethodUtils.java:405)
08-04 00:20:26.209 21165 21210 I DetoxActionHandlers: 	at com.wix.invoke.types.ClassTarget.execute(ClassTarget.java:23)
08-04 00:20:26.209 21165 21210 I DetoxActionHandlers: 	at com.wix.invoke.types.Target.invoke(Target.java:59)
08-04 00:20:26.209 21165 21210 I DetoxActionHandlers: 	at com.wix.invoke.MethodInvocation.invoke(MethodInvocation.java:35)
08-04 00:20:26.209 21165 21210 I DetoxActionHandlers: 	at com.wix.invoke.MethodInvocation.invoke(MethodInvocation.java:26)
08-04 00:20:26.209 21165 21210 I DetoxActionHandlers: 	at com.wix.invoke.MethodInvocation.invoke(MethodInvocation.java:20)
08-04 00:20:26.209 21165 21210 I DetoxActionHandlers: 	at com.wix.detox.adapters.server.InvokeActionHandler.handle(DetoxActionHandlers.kt:56)
08-04 00:20:26.209 21165 21210 I DetoxActionHandlers: 	at com.wix.detox.adapters.server.ActionsExecutor$executeAction$$inlined$let$lambda$1.run(DetoxActionsDispatcher.kt:64)
08-04 00:20:26.209 21165 21210 I DetoxActionHandlers: 	at android.os.Handler.handleCallback(Handler.java:907)
08-04 00:20:26.209 21165 21210 I DetoxActionHandlers: 	at android.os.Handler.dispatchMessage(Handler.java:99)
08-04 00:20:26.209 21165 21210 I DetoxActionHandlers: 	at android.os.Looper.loop(Looper.java:223)
08-04 00:20:26.209 21165 21210 I DetoxActionHandlers: 	at com.wix.detox.adapters.server.ActionsExecutor$1.run(DetoxActionsDispatcher.kt:50)
08-04 00:20:26.209 21165 21210 I DetoxActionHandlers: 	at java.lang.Thread.run(Thread.java:923)
08-04 00:20:26.209 21165 21210 I DetoxActionHandlers: Caused by: androidx.test.espresso.base.DefaultFailureHandler$AssertionFailedWithCauseError: 'not null' doesn't match the selected view.
08-04 00:20:26.209 21165 21210 I DetoxActionHandlers: Expected: not null
08-04 00:20:26.209 21165 21210 I DetoxActionHandlers:      Got: null
08-04 00:20:26.209 21165 21210 I DetoxActionHandlers: 
08-04 00:20:26.209 21165 21210 I DetoxActionHandlers: 	at dalvik.system.VMStack.getThreadStackTrace(Native Method)
08-04 00:20:26.209 21165 21210 I DetoxActionHandlers: 	at java.lang.Thread.getStackTrace(Thread.java:1736)
08-04 00:20:26.209 21165 21210 I DetoxActionHandlers: 	at androidx.test.espresso.base.DefaultFailureHandler.getUserFriendlyError(DefaultFailureHandler.java:16)
08-04 00:20:26.209 21165 21210 I DetoxActionHandlers: 	at androidx.test.espresso.base.DefaultFailureHandler.handle(DefaultFailureHandler.java:36)
08-04 00:20:26.209 21165 21210 I DetoxActionHandlers: 	at androidx.test.espresso.ViewInteraction.waitForAndHandleInteractionResults(ViewInteraction.java:103)
08-04 00:20:26.209 21165 21210 I DetoxActionHandlers: 	at androidx.test.espresso.ViewInteraction.check(ViewInteraction.java:31)
08-04 00:20:26.209 21165 21210 I DetoxActionHandlers: 	at com.wix.detox.espresso.DetoxAssertion.assertMatcher(DetoxAssertion.java:32)
08-04 00:20:26.209 21165 21210 I DetoxActionHandlers: 	... 15 more
08-04 00:20:26.209 21165 21210 I DetoxActionHandlers: Caused by: junit.framework.AssertionFailedError: 'not null' doesn't match the selected view.
08-04 00:20:26.209 21165 21210 I DetoxActionHandlers: Expected: not null
08-04 00:20:26.209 21165 21210 I DetoxActionHandlers:      Got: null
08-04 00:20:26.209 21165 21210 I DetoxActionHandlers: 
08-04 00:20:26.209 21165 21210 I DetoxActionHandlers: 	at androidx.test.espresso.matcher.ViewMatchers.assertThat(ViewMatchers.java:17)
08-04 00:20:26.209 21165 21210 I DetoxActionHandlers: 	at com.wix.detox.espresso.assertion.ViewAssertions$MatchesViewAssertion.check(ViewAssertions.java:52)
08-04 00:20:26.209 21165 21210 I DetoxActionHandlers: 	at androidx.test.espresso.ViewInteraction$SingleExecutionViewAssertion.check(ViewInteraction.java:10)
08-04 00:20:26.209 21165 21210 I DetoxActionHandlers: 	at androidx.test.espresso.ViewInteraction$2.call(ViewInteraction.java:11)
08-04 00:20:26.209 21165 21210 I DetoxActionHandlers: 	at androidx.test.espresso.ViewInteraction$2.call(ViewInteraction.java:2)
08-04 00:20:26.209 21165 21210 I DetoxActionHandlers: 	at java.util.concurrent.FutureTask.run(FutureTask.java:266)
08-04 00:20:26.209 21165 21210 I DetoxActionHandlers: 	at android.os.Handler.handleCallback(Handler.java:907)
08-04 00:20:26.209 21165 21210 I DetoxActionHandlers: 	at android.os.Handler.dispatchMessage(Handler.java:99)
08-04 00:20:26.209 21165 21210 I DetoxActionHandlers: 	at android.os.Looper.loop(Looper.java:223)
08-04 00:20:26.209 21165 21210 I DetoxActionHandlers: 	at android.app.ActivityThread.main(ActivityThread.java:7478)
08-04 00:20:26.209 21165 21210 I DetoxActionHandlers: 	at java.lang.reflect.Method.invoke(Native Method)
08-04 00:20:26.209 21165 21210 I DetoxActionHandlers: 	at com.android.internal.os.RuntimeInit$MethodAndArgsCaller.run(RuntimeInit.java:549)
08-04 00:20:26.209 21165 21210 I DetoxActionHandlers: 	at com.android.internal.os.ZygoteInit.main(ZygoteInit.java:941)
08-04 00:20:26.229 21165 21210 I DetoxWSClient: Sending out action 'testFailed' (ID #1)
08-04 00:20:26.229 21165 21210 I DetoxDispatcher: Done with action 'invoke'
