--------- beginning of main
08-04 00:16:26.654 20249 20249 W com.rndetox: Unexpected CPU variant for X86 using defaults: x86
08-04 00:16:26.659 20249 20249 E com.rndetox: Not starting debugger since process cannot load the jdwp agent.
--------- beginning of system
08-04 00:16:26.770 20249 20249 W ActivityThread: Package uses different ABI(s) than its instrumentation: package[com.rndetox]: x86, null instrumentation[com.rndetox.test]: null, null
08-04 00:16:26.852 20249 20249 I com.rndetox: The ClassLoaderContext is a special shared library.
08-04 00:16:26.855 20249 20249 I chatty  : uid=10517(com.rndetox) identical 2 lines
08-04 00:16:26.857 20249 20249 I com.rndetox: The ClassLoaderContext is a special shared library.
08-04 00:16:26.957 20249 20249 W com.rndetox: ClassLoaderContext classpath size mismatch. expected=0, found=4 (PCL[]{PCL[/system/framework/android.test.base.jar*84046222]} | PCL[/system/framework/android.test.runner.jar*2838042966:/system/framework/android.test.mock.jar*2353512044:/system/framework/android.test.base.jar*84046222:/data/app/~~V7cj2pHRpWESEbt9beQpQA==/com.rndetox.test-e7C_Xqrem4fCs98TnboFHw==/base.apk*56323712]{PCL[/system/framework/android.test.base.jar*84046222]})
08-04 00:16:27.035 20249 20249 I com.rndetox: The ClassLoaderContext is a special shared library.
08-04 00:16:27.045 20249 20249 I chatty  : uid=10517(com.rndetox) identical 3 lines
08-04 00:16:27.046 20249 20249 I com.rndetox: The ClassLoaderContext is a special shared library.
08-04 00:16:27.120 20249 20249 W com.rndetox: ClassLoaderContext classpath size mismatch. expected=0, found=4 (PCL[]{PCL[/system/framework/android.test.base.jar*84046222]} | PCL[/system/framework/android.test.runner.jar*2838042966:/system/framework/android.test.mock.jar*2353512044:/system/framework/android.test.base.jar*84046222:/data/app/~~V7cj2pHRpWESEbt9beQpQA==/com.rndetox.test-e7C_Xqrem4fCs98TnboFHw==/base.apk*56323712]{PCL[/system/framework/android.test.base.jar*84046222]#PCL[/system/framework/android.test.mock.jar*2353512044]{PCL[/system/framework/android.test.base.jar*84046222]}#PCL[/system/framework/android.test.runner.jar*2838042966]{PCL[/system/framework/android.test.base.jar*84046222]#PCL[/system/framework/android.test.mock.jar*2353512044]{PCL[/system/framework/android.test.base.jar*84046222]}}};PCL[/system/framework/android.test.runner.jar*2838042966:/system/framework/android.test.mock.jar*2353512044:/system/framework/android.test.base.jar*84046222:/data/app/~~V7cj2pHRpWESEbt9beQpQA==/com.rndetox.test-e7C_Xqrem4fCs98TnboFHw==/base.apk*56323712:/data/app/~~sICkRZQsPjogTE-bCqanbw==/com.rndetox-g-y4gL5lWkkCguCk_OFaZg==/base.apk*1949305130]{PCL[/system/framework/android.test.base.jar*84046222]})
08-04 00:16:27.120 20249 20249 W com.rndetox: Found duplicate classes, falling back to extracting from APK : /data/app/~~sICkRZQsPjogTE-bCqanbw==/com.rndetox-g-y4gL5lWkkCguCk_OFaZg==/base.apk
08-04 00:16:27.120 20249 20249 W com.rndetox: NOTE: This wastes RAM and hurts startup performance.
08-04 00:16:27.120 20249 20249 W com.rndetox: Found duplicated class when checking oat files: 'Landroid/support/v4/app/INotificationSideChannel$Stub$Proxy;' in /data/app/~~sICkRZQsPjogTE-bCqanbw==/com.rndetox-g-y4gL5lWkkCguCk_OFaZg==/base.apk and /data/app/~~sICkRZQsPjogTE-bCqanbw==/com.rndetox-g-y4gL5lWkkCguCk_OFaZg==/base.apk
08-04 00:16:27.120 20249 20249 W com.rndetox: 
08-04 00:16:27.203 20249 20249 D NetworkSecurityConfig: Using Network Security Config from resource network_security_config debugBuild: false
08-04 00:16:27.204 20249 20249 D NetworkSecurityConfig: Using Network Security Config from resource network_security_config debugBuild: false
08-04 00:16:27.205 20249 20249 I MonitoringInstr: Instrumentation started!
08-04 00:16:27.235 20249 20249 D SoLoader: init start
08-04 00:16:27.235 20249 20249 D SoLoader: adding system library source: /vendor/lib
08-04 00:16:27.235 20249 20249 D SoLoader: adding system library source: /system/lib
08-04 00:16:27.235 20249 20249 D SoLoader: adding application source: com.facebook.soloader.DirectorySoSource[root = /data/app/~~sICkRZQsPjogTE-bCqanbw==/com.rndetox-g-y4gL5lWkkCguCk_OFaZg==/lib/x86 flags = 0]
08-04 00:16:27.236 20249 20249 D SoLoader: adding backup source from : com.facebook.soloader.ApkSoSource[root = /data/user/0/com.rndetox/lib-main flags = 1]
08-04 00:16:27.236 20249 20249 D SoLoader: Preparing SO source: com.facebook.soloader.DirectorySoSource[root = /system/lib flags = 2]
08-04 00:16:27.236 20249 20249 D SoLoader: Preparing SO source: com.facebook.soloader.DirectorySoSource[root = /vendor/lib flags = 2]
08-04 00:16:27.236 20249 20249 D SoLoader: Preparing SO source: com.facebook.soloader.DirectorySoSource[root = /data/app/~~sICkRZQsPjogTE-bCqanbw==/com.rndetox-g-y4gL5lWkkCguCk_OFaZg==/lib/x86 flags = 0]
08-04 00:16:27.236 20249 20249 D SoLoader: Preparing SO source: com.facebook.soloader.ApkSoSource[root = /data/user/0/com.rndetox/lib-main flags = 1]
08-04 00:16:27.238 20249 20249 V fb-UnpackingSoSource: locked dso store /data/user/0/com.rndetox/lib-main
08-04 00:16:27.250 20249 20249 V fb-UnpackingSoSource: deps mismatch on deps store: regenerating
08-04 00:16:27.250 20249 20249 V fb-UnpackingSoSource: so store dirty: regenerating
08-04 00:16:27.281 20249 20249 D ApkSoSource: not allowing consideration of lib/x86/libc++_shared.so: deferring to libdir
08-04 00:16:27.281 20249 20249 D ApkSoSource: not allowing consideration of lib/x86/libfb.so: deferring to libdir
08-04 00:16:27.281 20249 20249 D ApkSoSource: not allowing consideration of lib/x86/libfbjni.so: deferring to libdir
08-04 00:16:27.281 20249 20249 D ApkSoSource: not allowing consideration of lib/x86/libfolly_futures.so: deferring to libdir
08-04 00:16:27.281 20249 20249 D ApkSoSource: not allowing consideration of lib/x86/libfolly_json.so: deferring to libdir
08-04 00:16:27.281 20249 20249 D ApkSoSource: not allowing consideration of lib/x86/libglog.so: deferring to libdir
08-04 00:16:27.281 20249 20249 D ApkSoSource: not allowing consideration of lib/x86/libglog_init.so: deferring to libdir
08-04 00:16:27.281 20249 20249 D ApkSoSource: not allowing consideration of lib/x86/libhermes-executor-common-debug.so: deferring to libdir
08-04 00:16:27.281 20249 20249 D ApkSoSource: not allowing consideration of lib/x86/libhermes-executor-common-release.so: deferring to libdir
08-04 00:16:27.281 20249 20249 D ApkSoSource: not allowing consideration of lib/x86/libhermes-executor-debug.so: deferring to libdir
08-04 00:16:27.282 20249 20249 D ApkSoSource: not allowing consideration of lib/x86/libhermes-executor-release.so: deferring to libdir
08-04 00:16:27.282 20249 20249 D ApkSoSource: not allowing consideration of lib/x86/libhermes-inspector.so: deferring to libdir
08-04 00:16:27.282 20249 20249 D ApkSoSource: not allowing consideration of lib/x86/libimagepipeline.so: deferring to libdir
08-04 00:16:27.282 20249 20249 D ApkSoSource: not allowing consideration of lib/x86/libjsc.so: deferring to libdir
08-04 00:16:27.282 20249 20249 D ApkSoSource: not allowing consideration of lib/x86/libjscexecutor.so: deferring to libdir
08-04 00:16:27.282 20249 20249 D ApkSoSource: not allowing consideration of lib/x86/libjsijniprofiler.so: deferring to libdir
08-04 00:16:27.282 20249 20249 D ApkSoSource: not allowing consideration of lib/x86/libjsinspector.so: deferring to libdir
08-04 00:16:27.282 20249 20249 D ApkSoSource: not allowing consideration of lib/x86/libnative-filters.so: deferring to libdir
08-04 00:16:27.282 20249 20249 D ApkSoSource: not allowing consideration of lib/x86/libnative-imagetranscoder.so: deferring to libdir
08-04 00:16:27.282 20249 20249 D ApkSoSource: not allowing consideration of lib/x86/libreact_codegen_reactandroidspec.so: deferring to libdir
08-04 00:16:27.282 20249 20249 D ApkSoSource: not allowing consideration of lib/x86/libreact_nativemodule_core.so: deferring to libdir
08-04 00:16:27.282 20249 20249 D ApkSoSource: not allowing consideration of lib/x86/libreactnativeblob.so: deferring to libdir
08-04 00:16:27.282 20249 20249 D ApkSoSource: not allowing consideration of lib/x86/libreactnativejni.so: deferring to libdir
08-04 00:16:27.282 20249 20249 D ApkSoSource: not allowing consideration of lib/x86/libreactnativeutilsjni.so: deferring to libdir
08-04 00:16:27.282 20249 20249 D ApkSoSource: not allowing consideration of lib/x86/libreactperfloggerjni.so: deferring to libdir
08-04 00:16:27.282 20249 20249 D ApkSoSource: not allowing consideration of lib/x86/libturbomodulejsijni.so: deferring to libdir
08-04 00:16:27.282 20249 20249 D ApkSoSource: not allowing consideration of lib/x86/libyoga.so: deferring to libdir
08-04 00:16:27.283 20249 20249 V fb-UnpackingSoSource: regenerating DSO store com.facebook.soloader.ApkSoSource
08-04 00:16:27.283 20249 20249 V fb-UnpackingSoSource: Finished regenerating DSO store com.facebook.soloader.ApkSoSource
08-04 00:16:27.283 20249 20249 V fb-UnpackingSoSource: starting syncer worker
08-04 00:16:27.298 20249 20249 V fb-UnpackingSoSource: releasing dso store lock for /data/user/0/com.rndetox/lib-main (from syncer thread)
08-04 00:16:27.298 20249 20249 V fb-UnpackingSoSource: not releasing dso store lock for /data/user/0/com.rndetox/lib-main (syncer thread started)
08-04 00:16:27.298 20249 20249 D SoLoader: init finish: 4 SO sources prepared
08-04 00:16:27.298 20249 20249 D SoLoader: init exiting
08-04 00:16:27.311 20249 20249 D SoLoader: init exiting
08-04 00:16:27.311 20249 20249 D SoLoader: About to load: libjscexecutor.so
08-04 00:16:27.312 20249 20249 D SoLoader: libjscexecutor.so not found on /data/user/0/com.rndetox/lib-main
08-04 00:16:27.312 20249 20249 D SoLoader: libjscexecutor.so found on /data/app/~~sICkRZQsPjogTE-bCqanbw==/com.rndetox-g-y4gL5lWkkCguCk_OFaZg==/lib/x86
08-04 00:16:27.313 20249 20249 D SoLoader: Not resolving dependencies for libjscexecutor.so
08-04 00:16:27.329 20249 20249 D JavaScriptCore.Version: 245459.0.0
08-04 00:16:27.329 20249 20249 D SoLoader: Loaded: libjscexecutor.so
08-04 00:16:27.330 20249 20249 D SoLoader: init exiting
08-04 00:16:27.347 20249 20249 I MonitoringInstr: No JSBridge.
08-04 00:16:27.385 20249 20280 I UsageTrackerFacilitator: Usage tracking enabled
08-04 00:16:27.392 20249 20280 I TestRequestBuilder: Scanning classpath to find tests in paths [/data/app/~~V7cj2pHRpWESEbt9beQpQA==/com.rndetox.test-e7C_Xqrem4fCs98TnboFHw==/base.apk]
08-04 00:16:27.393 20249 20280 W com.rndetox: Opening an oat file without a class loader. Are you using the deprecated DexFile APIs?
08-04 00:16:28.044 20249 20280 D TestExecutor: Adding listener androidx.test.internal.runner.listener.LogRunListener
08-04 00:16:28.046 20249 20280 D TestExecutor: Adding listener androidx.test.internal.runner.listener.InstrumentationResultPrinter
08-04 00:16:28.046 20249 20280 D TestExecutor: Adding listener androidx.test.internal.runner.listener.ActivityFinisherRunListener
08-04 00:16:28.047 20249 20280 I TestRunner: run started: 1 tests
08-04 00:16:28.052 20249 20280 I TestRunner: started: runDetoxTests(com.rndetox.DetoxTest)
08-04 00:16:28.093 20249 20280 D EventInjectionStrategy: Creating injection strategy with input manager.
08-04 00:16:28.165 20249 20285 D libEGL  : loaded /vendor/lib/egl/libEGL_emulation.so
08-04 00:16:28.167 20249 20285 D libEGL  : loaded /vendor/lib/egl/libGLESv1_CM_emulation.so
08-04 00:16:28.170 20249 20285 D libEGL  : loaded /vendor/lib/egl/libGLESv2_emulation.so
08-04 00:16:28.176 20249 20249 D LifecycleMonitor: Lifecycle status change: com.rndetox.MainActivity@41495a in: PRE_ON_CREATE
08-04 00:16:28.188 20249 20286 D SoLoader: About to load: libreactnativejni.so
08-04 00:16:28.189 20249 20286 D SoLoader: libreactnativejni.so not found on /data/user/0/com.rndetox/lib-main
08-04 00:16:28.189 20249 20286 D SoLoader: libreactnativejni.so found on /data/app/~~sICkRZQsPjogTE-bCqanbw==/com.rndetox-g-y4gL5lWkkCguCk_OFaZg==/lib/x86
08-04 00:16:28.189 20249 20286 D SoLoader: Not resolving dependencies for libreactnativejni.so
08-04 00:16:28.193 20249 20286 D SoLoader: Loaded: libreactnativejni.so
08-04 00:16:28.194 20249 20286 D SoLoader: About to load: libfbjni.so
08-04 00:16:28.194 20249 20286 D SoLoader: libfbjni.so not found on /data/user/0/com.rndetox/lib-main
08-04 00:16:28.194 20249 20286 D SoLoader: libfbjni.so found on /data/app/~~sICkRZQsPjogTE-bCqanbw==/com.rndetox-g-y4gL5lWkkCguCk_OFaZg==/lib/x86
08-04 00:16:28.194 20249 20286 D SoLoader: Not resolving dependencies for libfbjni.so
08-04 00:16:28.196 20249 20286 D SoLoader: Loaded: libfbjni.so
08-04 00:16:28.201 20249 20249 D LifecycleMonitor: Lifecycle status change: com.rndetox.MainActivity@41495a in: CREATED
08-04 00:16:28.204 20249 20249 D LifecycleMonitor: Lifecycle status change: com.rndetox.MainActivity@41495a in: STARTED
08-04 00:16:28.205 20249 20249 D LifecycleMonitor: Lifecycle status change: com.rndetox.MainActivity@41495a in: RESUMED
08-04 00:16:28.241 20249 20283 D HostConnection: HostConnection::get() New Host Connection established 0xe97d5a90, tid 20283
08-04 00:16:28.241 20249 20289 W unknown:ViewManagerPropertyUpdater: Could not find generated setter for class com.facebook.react.views.picker.ReactDialogPickerManager
08-04 00:16:28.245 20249 20289 W unknown:ViewManagerPropertyUpdater: Could not find generated setter for class com.facebook.react.uimanager.LayoutShadowNode
08-04 00:16:28.246 20249 20289 W unknown:ViewManagerPropertyUpdater: Could not find generated setter for class com.facebook.react.views.drawer.ReactDrawerLayoutManager
08-04 00:16:28.247 20249 20289 W unknown:ViewManagerPropertyUpdater: Could not find generated setter for class com.facebook.react.views.picker.ReactDropdownPickerManager
08-04 00:16:28.247 20249 20289 W unknown:ViewManagerPropertyUpdater: Could not find generated setter for class com.facebook.react.views.scroll.ReactHorizontalScrollViewManager
08-04 00:16:28.249 20249 20289 W unknown:ViewManagerPropertyUpdater: Could not find generated setter for class com.facebook.react.views.scroll.ReactHorizontalScrollContainerViewManager
08-04 00:16:28.249 20249 20283 D HostConnection: HostComposition ext ANDROID_EMU_CHECKSUM_HELPER_v1 ANDROID_EMU_native_sync_v2 ANDROID_EMU_native_sync_v3 ANDROID_EMU_native_sync_v4 ANDROID_EMU_dma_v1 ANDROID_EMU_direct_mem ANDROID_EMU_host_composition_v1 ANDROID_EMU_host_composition_v2 ANDROID_EMU_YUV_Cache ANDROID_EMU_async_unmap_buffer GL_OES_EGL_image_external_essl3 GL_OES_vertex_array_object GL_KHR_texture_compression_astc_ldr ANDROID_EMU_gles_max_version_3_0 
08-04 00:16:28.249 20249 20289 W unknown:ViewManagerPropertyUpdater: Could not find generated setter for class com.facebook.react.views.progressbar.ReactProgressBarViewManager
08-04 00:16:28.251 20249 20289 W unknown:ViewManagerPropertyUpdater: Could not find generated setter for class com.facebook.react.views.progressbar.ProgressBarShadowNode
08-04 00:16:28.252 20249 20289 W unknown:ViewManagerPropertyUpdater: Could not find generated setter for class com.facebook.react.views.scroll.ReactScrollViewManager
08-04 00:16:28.257 20249 20289 W unknown:ViewManagerPropertyUpdater: Could not find generated setter for class com.facebook.react.views.slider.ReactSliderManager
08-04 00:16:28.265 20249 20289 W unknown:ViewManagerPropertyUpdater: Could not find generated setter for class com.facebook.react.views.slider.ReactSliderManager$ReactSliderShadowNode
08-04 00:16:28.267 20249 20283 W OpenGLRenderer: Failed to choose config with EGL_SWAP_BEHAVIOR_PRESERVED, retrying without...
08-04 00:16:28.270 20249 20283 D EGL_emulation: eglCreateContext: 0xd0d4a2d0: maj 3 min 0 rcv 3
08-04 00:16:28.270 20249 20289 W unknown:ViewManagerPropertyUpdater: Could not find generated setter for class com.facebook.react.views.switchview.ReactSwitchManager
08-04 00:16:28.277 20249 20289 W unknown:ViewManagerPropertyUpdater: Could not find generated setter for class com.facebook.react.views.switchview.ReactSwitchManager$ReactSwitchShadowNode
08-04 00:16:28.277 20249 20289 W unknown:ViewManagerPropertyUpdater: Could not find generated setter for class com.facebook.react.views.swiperefresh.SwipeRefreshLayoutManager
08-04 00:16:28.279 20249 20289 W unknown:ViewManagerPropertyUpdater: Could not find generated setter for class com.facebook.react.views.text.frescosupport.FrescoBasedReactTextInlineImageViewManager
08-04 00:16:28.279 20249 20289 W unknown:ViewManagerPropertyUpdater: Could not find generated setter for class com.facebook.react.views.text.frescosupport.FrescoBasedReactTextInlineImageShadowNode
08-04 00:16:28.281 20249 20289 W unknown:ViewManagerPropertyUpdater: Could not find generated setter for class com.facebook.react.views.image.ReactImageManager
08-04 00:16:28.283 20249 20289 W unknown:ViewManagerPropertyUpdater: Could not find generated setter for class com.facebook.react.views.modal.ReactModalHostManager
08-04 00:16:28.285 20249 20283 D EGL_emulation: eglMakeCurrent: 0xd0d4a2d0: ver 3 0 (tinfo 0xba283010)
08-04 00:16:28.300 20249 20289 W unknown:ViewManagerPropertyUpdater: Could not find generated setter for class com.facebook.react.views.modal.ModalHostShadowNode
08-04 00:16:28.300 20249 20289 W unknown:ViewManagerPropertyUpdater: Could not find generated setter for class com.facebook.react.views.text.ReactRawTextManager
08-04 00:16:28.300 20249 20289 W unknown:ViewManagerPropertyUpdater: Could not find generated setter for class com.facebook.react.views.text.ReactRawTextShadowNode
08-04 00:16:28.300 20249 20289 W unknown:ViewManagerPropertyUpdater: Could not find generated setter for class com.facebook.react.views.textinput.ReactTextInputManager
08-04 00:16:28.302 20249 20289 W unknown:ViewManagerPropertyUpdater: Could not find generated setter for class com.facebook.react.views.textinput.ReactTextInputShadowNode
08-04 00:16:28.304 20249 20289 W unknown:ViewManagerPropertyUpdater: Could not find generated setter for class com.facebook.react.views.text.ReactTextViewManager
08-04 00:16:28.311 20249 20289 W unknown:ViewManagerPropertyUpdater: Could not find generated setter for class com.facebook.react.views.text.ReactTextShadowNode
08-04 00:16:28.311 20249 20283 I Gralloc4: mapper 4.x is not supported
08-04 00:16:28.311 20249 20289 W unknown:ViewManagerPropertyUpdater: Could not find generated setter for class com.facebook.react.views.view.ReactViewManager
08-04 00:16:28.313 20249 20283 D HostConnection: createUnique: call
08-04 00:16:28.313 20249 20289 W unknown:ViewManagerPropertyUpdater: Could not find generated setter for class com.facebook.react.views.text.ReactVirtualTextViewManager
08-04 00:16:28.313 20249 20289 W unknown:ViewManagerPropertyUpdater: Could not find generated setter for class com.facebook.react.views.text.ReactVirtualTextShadowNode
08-04 00:16:28.313 20249 20283 D HostConnection: HostConnection::get() New Host Connection established 0xe97d5d90, tid 20283
08-04 00:16:28.313 20249 20289 W unknown:ViewManagerPropertyUpdater: Could not find generated setter for class com.facebook.react.views.unimplementedview.ReactUnimplementedViewManager
08-04 00:16:28.313 20249 20283 D eglCodecCommon: allocate: Ask for block of size 0x100
08-04 00:16:28.313 20249 20283 D eglCodecCommon: allocate: ioctl allocate returned offset 0x3fbf52000 size 0x2000
08-04 00:16:28.316 20249 20289 D SoLoader: About to load: libyoga.so
08-04 00:16:28.316 20249 20289 D SoLoader: libyoga.so not found on /data/user/0/com.rndetox/lib-main
08-04 00:16:28.316 20249 20289 D SoLoader: libyoga.so found on /data/app/~~sICkRZQsPjogTE-bCqanbw==/com.rndetox-g-y4gL5lWkkCguCk_OFaZg==/lib/x86
08-04 00:16:28.316 20249 20289 D SoLoader: Not resolving dependencies for libyoga.so
08-04 00:16:28.320 20249 20289 D SoLoader: Loaded: libyoga.so
08-04 00:16:28.336 20249 20283 D HostConnection: HostComposition ext ANDROID_EMU_CHECKSUM_HELPER_v1 ANDROID_EMU_native_sync_v2 ANDROID_EMU_native_sync_v3 ANDROID_EMU_native_sync_v4 ANDROID_EMU_dma_v1 ANDROID_EMU_direct_mem ANDROID_EMU_host_composition_v1 ANDROID_EMU_host_composition_v2 ANDROID_EMU_YUV_Cache ANDROID_EMU_async_unmap_buffer GL_OES_EGL_image_external_essl3 GL_OES_vertex_array_object GL_KHR_texture_compression_astc_ldr ANDROID_EMU_gles_max_version_3_0 
08-04 00:16:28.351 20249 20288 I ReactNativeJS: Running "rnDetox" with {"rootTag":1}
08-04 00:16:28.355 20249 20283 D EGL_emulation: eglMakeCurrent: 0xd0d4a2d0: ver 3 0 (tinfo 0xba283010)
08-04 00:16:28.366 20249 20289 D SoLoader: init exiting
08-04 00:16:28.410 20249 20280 I Detox   : Detox server connection details: url=ws://localhost:50117, sessionId=ff14542b-6533-6e35-ca9f-f9f3fb2cc9ec
08-04 00:16:28.451 20249 20295 I DetoxDispatcher: Handling action '_init' (ID #0)...
08-04 00:16:28.451 20249 20295 I Detox   : Connecting to server...
08-04 00:16:28.451 20249 20295 I DetoxWSClient: At connectToServer
08-04 00:16:28.475 20249 20249 D DetoxRNLoading: Got new RN-context directly and immediately
08-04 00:16:28.477 20249 20297 D DetoxWSClient: At onOpen
08-04 00:16:28.477 20249 20297 I DetoxWSClient: Sending out action 'login' (ID #0)
08-04 00:16:28.477 20249 20297 I Detox   : Connected to server!
08-04 00:16:28.480 20249 20295 I DetoxRNIdleRes: Setting up Espresso Idling Resources for React Native
08-04 00:16:28.484 20249 20297 D DetoxWSClient: Received action 'loginSuccess' (ID #0, params={"testerConnected":true,"appConnected":true})
08-04 00:16:28.484 20249 20297 D DetoxWSClient: Received action 'isReady' (ID #-1000, params={})
08-04 00:16:28.501 20249 20295 D AsyncStorageIR: Checking whether a custom IR for Async-Storage is required... (legacy=false)
08-04 00:16:28.501 20249 20295 D DetoxRNHelpers: Native RN module resolution (class com.reactnativecommunity.asyncstorage.AsyncStorageModule): no such class
08-04 00:16:28.501 20249 20295 D AsyncStorageIR: Checking whether a custom IR for Async-Storage is required... (legacy=true)
08-04 00:16:28.501 20249 20295 D AsyncStorageIR: IR for Async-Storage is required! (legacy=true)
08-04 00:16:28.505 20249 20249 D AsyncStorageIRLegacy: Async-storage is busy!
08-04 00:16:28.507 20249 20295 I DetoxDispatcher: Done with action '_init'
08-04 00:16:28.507 20249 20295 I DetoxDispatcher: Handling action 'isReady' (ID #-1000)...
08-04 00:16:28.748 20249 20249 I Detox   : UIManagerModule is busy
08-04 00:16:28.767 20249 20306 D SoLoader: About to load: libimagepipeline.so
08-04 00:16:28.768 20249 20306 D SoLoader: libimagepipeline.so not found on /data/user/0/com.rndetox/lib-main
08-04 00:16:28.769 20249 20306 D SoLoader: libimagepipeline.so found on /data/app/~~sICkRZQsPjogTE-bCqanbw==/com.rndetox-g-y4gL5lWkkCguCk_OFaZg==/lib/x86
08-04 00:16:28.769 20249 20306 D SoLoader: Not resolving dependencies for libimagepipeline.so
08-04 00:16:28.769 20249 20249 E unknown:FabricViewStateManager: setState called without a StateWrapper
08-04 00:16:28.775 20249 20306 D SoLoader: Loaded: libimagepipeline.so
08-04 00:16:28.845 20249 20249 D IdlingResourceRegistry: All idling resources are idle.
08-04 00:16:28.846 20249 20249 I Detox   : Wait is over: app is now idle!
08-04 00:16:28.852 20249 20295 I DetoxWSClient: Sending out action 'ready' (ID #-1000)
08-04 00:16:28.854 20249 20295 I DetoxDispatcher: Done with action 'isReady'
08-04 00:16:28.854 20249 20295 I DetoxDispatcher: Handling action 'loginSuccess' (ID #0)...
08-04 00:16:28.854 20249 20295 I DetoxDispatcher: Done with action 'loginSuccess'
08-04 00:16:28.854 20249 20295 I DetoxDispatcher: Handling action 'isReady' (ID #-1000)...
08-04 00:16:28.861 20249 20249 D IdlingResourceRegistry: All idling resources are idle.
08-04 00:16:28.862 20249 20249 I Detox   : Wait is over: app is now idle!
08-04 00:16:28.862 20249 20295 I DetoxWSClient: Sending out action 'ready' (ID #-1000)
08-04 00:16:28.862 20249 20295 I DetoxDispatcher: Done with action 'isReady'
